// Jest Snapshot v1, https://goo.gl/fbAQLP

exports[`<FormMainContainerStyled /> matches snapshot 1`] = `"<div class=\\"sc-AxjAm csEKhz\\"></div>"`;
