// Jest Snapshot v1, https://goo.gl/fbAQLP

exports[`<TextInputStyled /> matches snapshot 1`] = `"<input label=\\"remember\\" type=\\"password\\" name=\\"remember\\" id=\\"remember\\" class=\\"sc-AxjAm hRdQeY\\">"`;
