// Jest Snapshot v1, https://goo.gl/fbAQLP

exports[`<FormStructureStyled /> matches snapshot 1`] = `
"<styled.div>
  <div className=\\"sc-AxjAm dRzAgQ\\" />
</styled.div>"
`;
