// Jest Snapshot v1, https://goo.gl/fbAQLP

exports[`<AuthenticationBoxMainContainerStyled /> matches snapshot 1`] = `
"<styled.div>
  <div className=\\"sc-AxjAm csEKhz\\" />
</styled.div>"
`;
