// Jest Snapshot v1, https://goo.gl/fbAQLP

exports[`<AuthenticationBoxMainContainerStyled /> matches snapshot 1`] = `"<div class=\\"sc-AxjAm csEKhz\\"></div>"`;
