// Jest Snapshot v1, https://goo.gl/fbAQLP

exports[`<LoginButtonStyled /> matches snapshot 1`] = `"<input type=\\"submit\\" class=\\"sc-AxirZ ldlRsw\\" value=\\"login\\">"`;
