// Jest Snapshot v1, https://goo.gl/fbAQLP

exports[`<LoginButtonContainerStyled /> matches snapshot 1`] = `"<div class=\\"sc-AxjAm gxQmdq\\"></div>"`;
