// Jest Snapshot v1, https://goo.gl/fbAQLP

exports[`<FieldsetStyled /> matches snapshot 1`] = `"<fieldset class=\\"sc-AxjAm hUOmCs\\"></fieldset>"`;
