// Jest Snapshot v1, https://goo.gl/fbAQLP

exports[`<LabelStyled /> matches snapshot 1`] = `
"<styled.label target=\\"remember\\" isUppercased={true}>
  <label target=\\"remember\\" htmlFor=\\"remember\\" className=\\"sc-AxjAm eNUZro\\" />
</styled.label>"
`;
