// Jest Snapshot v1, https://goo.gl/fbAQLP

exports[`<ParagraphStyled /> matches snapshot 1`] = `"<p class=\\"sc-AxjAm jpfrvO\\"></p>"`;
