// Jest Snapshot v1, https://goo.gl/fbAQLP

exports[`<CheckboxInputContainerStyled /> matches snapshot 1`] = `
"<styled.div>
  <div className=\\"sc-AxjAm drhBhZ\\" />
</styled.div>"
`;
